// Jest Snapshot v1, https://goo.gl/fbAQLP

exports[`typescript lints typescript files 1`] = `
Array [
  Object {
    "errorCount": 1,
    "filePath": "<PROJECT_ROOT>/src/.hidden.ts",
    "fixableErrorCount": 0,
    "fixableWarningCount": 0,
    "messages": Array [
      Object {
        "column": 1,
        "endColumn": 17,
        "endLine": 3,
        "line": 3,
        "message": "ES2015 module syntax is preferred over custom TypeScript modules and namespaces.",
        "messageId": "moduleSyntaxIsPreferred",
        "nodeType": "TSModuleDeclaration",
        "ruleId": "@typescript-eslint/no-namespace",
        "severity": 2,
      },
      Object {
        "column": 11,
        "endColumn": 14,
        "endLine": 3,
        "line": 3,
        "message": "'foo' is defined but never used.",
        "nodeType": "Identifier",
        "ruleId": "@typescript-eslint/no-unused-vars",
        "severity": 1,
      },
    ],
    "source": "import { a } from './a';

namespace foo {}

function hidden(): void {
    a();
}

export { hidden };
",
    "warningCount": 1,
  },
  Object {
    "errorCount": 4,
    "filePath": "<PROJECT_ROOT>/src/a.ts",
    "fixableErrorCount": 1,
    "fixableWarningCount": 0,
    "messages": Array [
      Object {
        "column": 25,
        "endColumn": 36,
        "endLine": 2,
        "line": 2,
        "message": "Missing file extension \\"json\\" for \\"./example\\"",
        "nodeType": "Literal",
        "ruleId": "import/extensions",
        "severity": 2,
      },
      Object {
        "column": 7,
        "endColumn": 13,
        "endLine": 4,
        "line": 4,
        "message": "'unused' is assigned a value but never used.",
        "nodeType": "Identifier",
        "ruleId": "@typescript-eslint/no-unused-vars",
        "severity": 1,
      },
      Object {
        "column": 1,
        "endColumn": 17,
        "endLine": 6,
        "line": 6,
        "message": "ES2015 module syntax is preferred over custom TypeScript modules and namespaces.",
        "messageId": "moduleSyntaxIsPreferred",
        "nodeType": "TSModuleDeclaration",
        "ruleId": "@typescript-eslint/no-namespace",
        "severity": 2,
      },
      Object {
        "column": 11,
        "endColumn": 14,
        "endLine": 6,
        "line": 6,
        "message": "'foo' is defined but never used.",
        "nodeType": "Identifier",
        "ruleId": "@typescript-eslint/no-unused-vars",
        "severity": 1,
      },
      Object {
        "column": 6,
        "endColumn": 7,
        "endLine": 8,
        "fix": Object {
          "range": Array [
            89,
            98,
          ],
          "text": "interface A ",
        },
        "line": 8,
        "message": "Use an interface instead of a type literal.",
        "messageId": "interfaceOverType",
        "nodeType": "Identifier",
        "ruleId": "@typescript-eslint/prefer-interface",
        "severity": 2,
      },
      Object {
        "column": 1,
        "endColumn": 2,
        "endLine": 14,
        "line": 13,
        "message": "Missing return type on function.",
        "messageId": "missingReturnType",
        "nodeType": "FunctionDeclaration",
        "ruleId": "@typescript-eslint/explicit-function-return-type",
        "severity": 2,
      },
    ],
    "source": "// @ts-ignore
import exampleJson from './example';

const unused = 1;

namespace foo {}

type A = {
    one: string,
    two: string,
}

function a() {
}

export { a, exampleJson };
",
    "warningCount": 2,
  },
  Object {
    "errorCount": 3,
    "filePath": "<PROJECT_ROOT>/src/b.ts",
    "fixableErrorCount": 1,
    "fixableWarningCount": 0,
    "messages": Array [
      Object {
        "column": 6,
        "endColumn": 7,
        "endLine": 3,
        "fix": Object {
          "range": Array [
            26,
            35,
          ],
          "text": "interface B ",
        },
        "line": 3,
        "message": "Use an interface instead of a type literal.",
        "messageId": "interfaceOverType",
        "nodeType": "Identifier",
        "ruleId": "@typescript-eslint/prefer-interface",
        "severity": 2,
      },
      Object {
        "column": 1,
        "endColumn": 2,
        "endLine": 9,
        "line": 7,
        "message": "Missing return type on function.",
        "messageId": "missingReturnType",
        "nodeType": "FunctionDeclaration",
        "ruleId": "@typescript-eslint/explicit-function-return-type",
        "severity": 2,
      },
      Object {
        "column": 1,
        "endColumn": 18,
        "endLine": 11,
        "line": 11,
        "message": "Prefer named exports.",
        "nodeType": "ExportDefaultDeclaration",
        "ruleId": "import/no-default-export",
        "severity": 2,
      },
    ],
    "source": "import { a } from './a';

type B = {
    one: string,
}

function b() {
    a();
}

export default b;
",
    "warningCount": 0,
  },
  Object {
    "errorCount": 1,
    "filePath": "<PROJECT_ROOT>/src/typescript.test.ts",
    "fixableErrorCount": 0,
    "fixableWarningCount": 0,
    "messages": Array [
      Object {
        "column": 20,
        "endColumn": 28,
        "endLine": 1,
        "line": 1,
        "message": "\\"eslint\\" is not published.",
        "nodeType": "Literal",
        "ruleId": "node/no-unpublished-import",
        "severity": 2,
      },
    ],
    "source": "import eslint from 'eslint';

export { eslint };
",
    "warningCount": 0,
  },
  Object {
    "errorCount": 2,
    "filePath": "<PROJECT_ROOT>/src/typescript.ts",
    "fixableErrorCount": 0,
    "fixableWarningCount": 0,
    "messages": Array [
      Object {
        "column": 1,
        "endColumn": 2,
        "endLine": 5,
        "line": 3,
        "message": "Missing return type on function.",
        "messageId": "missingReturnType",
        "nodeType": "FunctionDeclaration",
        "ruleId": "@typescript-eslint/explicit-function-return-type",
        "severity": 2,
      },
      Object {
        "column": 1,
        "endColumn": 27,
        "endLine": 8,
        "line": 8,
        "message": "Prefer named exports.",
        "nodeType": "ExportDefaultDeclaration",
        "ruleId": "import/no-default-export",
        "severity": 2,
      },
    ],
    "source": "import { a } from './a';

function typescript() {
    a();
}

export { typescript };
export default typescript;
",
    "warningCount": 0,
  },
]
`;
